// Jest Snapshot v1, https://goo.gl/fbAQLP

exports[`Display Tags UI render features component should render as expected 1`] = `
<_default>
  <Provider
    store={
      Object {
        "dispatch": [Function],
        "getState": [Function],
        "replaceReducer": [Function],
        "subscribe": [Function],
        Symbol(observable): [Function],
      }
    }
  >
    <MemoryRouter
      initialEntries={
        Array [
          Object {
            "key": "testkey",
          },
        ]
      }
    >
      <Router
        history={
          Object {
            "action": "POP",
            "block": [Function],
            "canGo": [Function],
            "createHref": [Function],
            "entries": Array [
              Object {
                "hash": "",
                "key": "testkey",
                "pathname": "/",
                "search": "",
              },
            ],
            "go": [Function],
            "goBack": [Function],
            "goForward": [Function],
            "index": 0,
            "length": 1,
            "listen": [Function],
            "location": Object {
              "hash": "",
              "key": "testkey",
              "pathname": "/",
              "search": "",
            },
            "push": [Function],
            "replace": [Function],
          }
        }
      >
        <DisplayTags
          articles={
            Object {
              "tagList": Array [
                "tag",
                "tags",
              ],
            }
          }
        >
          <div
            className="tags-display"
          >
            <p
              className="new-tag"
              key="1"
            >
              tag
            </p>
            <p
              className="new-tag"
              key="2"
            >
              tags
            </p>
          </div>
        </DisplayTags>
      </Router>
    </MemoryRouter>
  </Provider>
</_default>
`;
