// Jest Snapshot v1, https://goo.gl/fbAQLP

exports[`Auth layout render features container should render as expected 1`] = `
<Provider
  store={
    Object {
      "dispatch": [Function],
      "getState": [Function],
      "replaceReducer": [Function],
      "subscribe": [Function],
      Symbol(observable): [Function],
    }
  }
>
  <MemoryRouter
    initialEntries={
      Array [
        Object {
          "key": "testKey",
        },
      ]
    }
  >
    <Auth />
  </MemoryRouter>
</Provider>
`;
