// Jest Snapshot v1, https://goo.gl/fbAQLP

exports[`Auth UI render features view should render as expected 1`] = `
<div
  className="auth"
>
  <section
    className="auth-image"
  >
    <div
      className="auth-title"
    >
      Authors Haven
    </div>
    <div
      className="auth-tagline"
    >
      A Community of Like Minded Authors
    </div>
  </section>
  <div
    className="auth-image-divide"
  />
  <section
    className="auth-form-wrapper"
  >
    <div>
      <div
        className="auth-toggle-wrapper"
      >
        <button
          className="auth-button-toggle null"
          onClick={[Function]}
          type="button"
        >
          SIGN UP
        </button>
        <button
          className="auth-button-toggle auth-button-active"
          onClick={[Function]}
          type="button"
        >
          SIGN IN
        </button>
      </div>
      <Connect(Signin) />
      <div
        className="auth-form-or"
      >
        Or
      </div>
      <div
        className="auth-icon-wrapper"
      >
        <div
          className="auth-social-icons"
        >
          <div
            className="auth-social-button"
          >
            <img
              alt="facebook signup"
              src="facebook-image.png"
            />
          </div>
          <div
            className="auth-social-button"
          >
            <img
              alt="google signup"
              src="google-image.png"
            />
          </div>
          <div
            className="auth-social-button"
          >
            <img
              alt="twitter signup"
              src="twitter-image.png"
            />
          </div>
        </div>
      </div>
    </div>
  </section>
</div>
`;
