// Jest Snapshot v1, https://goo.gl/fbAQLP

exports[`ForgotPassword render container should render as expected 1`] = `
<form
  className="reset-form"
  onSubmit={[Function]}
>
  <h3
    className="reset-title text-center"
  >
    Forgot Password
  </h3>
  <AuthInput
    error={Object {}}
    handleChange={[Function]}
    name="email"
    placeholder="Input Email Address"
    type="email"
    value=""
  />
  <div
    className="error-field"
  >
    Error
  </div>
  <AuthButton
    name="SUBMIT"
  />
</form>
`;
