// Jest Snapshot v1, https://goo.gl/fbAQLP

exports[`ForgotPassword render container should render as expected 1`] = `
<form
  className="reset-form"
  onSubmit={[Function]}
>
  <div>
    <h3
      className="reset-title text-center"
    >
      Forgot Password
    </h3>
    <AuthInput
      error={
        Object {
          "email": "Please enter a valid email.",
          "status": true,
        }
      }
      handleBlur={[Function]}
      handleChange={[Function]}
      name="email"
      placeholder="Input Email Address"
      touched={
        Object {
          "email": false,
        }
      }
      value=""
    />
    <div
      className="error-field"
    >
      Error
    </div>
    <Button
      className="auth-button"
      title="SUBMIT"
      type="submit"
    />
  </div>
</form>
`;
