// Jest Snapshot v1, https://goo.gl/fbAQLP

exports[`Header UI render features component should render as expected 1`] = `
<_default>
  <Provider
    store={
      Object {
        "dispatch": [Function],
        "getState": [Function],
        "replaceReducer": [Function],
        "subscribe": [Function],
        Symbol(observable): [Function],
      }
    }
  >
    <Connect(Header)>
      <Header
        signout={[Function]}
      >
        <div>
          <button
            onClick={[Function]}
            type="button"
          >
            Sign Out
          </button>
        </div>
      </Header>
    </Connect(Header)>
  </Provider>
</_default>
`;
