// Jest Snapshot v1, https://goo.gl/fbAQLP

exports[`Header UI render features component should render as expected 1`] = `
<_default>
  <Provider
    store={
      Object {
        "dispatch": [Function],
        "getState": [Function],
        "replaceReducer": [Function],
        "subscribe": [Function],
        Symbol(observable): [Function],
      }
    }
  >
    <MemoryRouter
      initialEntries={
        Array [
          Object {
            "key": "testKey",
            "pathname": "/",
          },
        ]
      }
    >
      <Router
        history={
          Object {
            "action": "POP",
            "block": [Function],
            "canGo": [Function],
            "createHref": [Function],
            "entries": Array [
              Object {
                "hash": "",
                "key": "testKey",
                "pathname": "/",
                "search": "",
              },
            ],
            "go": [Function],
            "goBack": [Function],
            "goForward": [Function],
            "index": 0,
            "length": 1,
            "listen": [Function],
            "location": Object {
              "hash": "",
              "key": "testKey",
              "pathname": "/",
              "search": "",
            },
            "push": [Function],
            "replace": [Function],
          }
        }
      >
        <Connect(Header)>
          <Header
            dispatch={[Function]}
          >
            <header>
              <nav
                className="navbar navbar-expand-lg mb-4"
              >
                <Link
                  className="navbar-Brand"
                  replace={false}
                  to="/"
                >
                  <a
                    className="navbar-Brand"
                    href="/"
                    onClick={[Function]}
                  >
                    <h3>
                      Authors Haven
                    </h3>
                  </a>
                </Link>
                <button
                  className="navbar-toggler"
                  data-target="#navbarNav"
                  data-toggle="collapse"
                  type="button"
                >
                  <span
                    className="navbar-toggler-icon"
                  >
                    <img
                      alt=""
                      className="menuIcon"
                      src="https://res.cloudinary.com/drmmqcxkc/image/upload/v1541426069/Authors%20Haven/icons8-menu.svg"
                    />
                  </span>
                </button>
                <div
                  className="collapse navbar-collapse"
                  id="navbarNav"
                >
                  <ul
                    className="navbar-nav ml-auto nav-center"
                  >
                    <li
                      className="nav-item"
                    >
                      <Link
                        className="nav-link"
                        replace={false}
                        to="/"
                      >
                        <a
                          className="nav-link"
                          href="/"
                          onClick={[Function]}
                        >
                          <p>
                            Explore
                          </p>
                        </a>
                      </Link>
                    </li>
                    <li
                      className="nav-item"
                    >
                      <Link
                        className="nav-link"
                        replace={false}
                        to="/"
                      >
                        <a
                          className="nav-link"
                          href="/"
                          onClick={[Function]}
                        >
                          <p>
                            About Us
                          </p>
                        </a>
                      </Link>
                    </li>
                    <li
                      className="nav-item"
                    >
                      <Link
                        className="nav-link"
                        replace={false}
                        to="/"
                      >
                        <a
                          className="nav-link"
                          href="/"
                          onClick={[Function]}
                        >
                          <p>
                            Contact
                          </p>
                        </a>
                      </Link>
                    </li>
                  </ul>
                  <ul
                    className="navbar-nav ml-auto"
                  >
                    <li
                      className="nav-item"
                    >
                      <Link
                        className="nav-link"
                        replace={false}
                        to="/signin"
                      >
                        <a
                          className="nav-link"
                          href="/signin"
                          onClick={[Function]}
                        >
                          <p>
                            Sign In
                          </p>
                        </a>
                      </Link>
                    </li>
                    <p
                      className="link-border"
                    >
                      |
                    </p>
                    <li
                      className="nav-item"
                    >
                      <Link
                        className="nav-link"
                        replace={false}
                        to="/signup"
                      >
                        <a
                          className="nav-link"
                          href="/signup"
                          onClick={[Function]}
                        >
                          <p>
                            Sign Up
                          </p>
                        </a>
                      </Link>
                    </li>
                  </ul>
                </div>
              </nav>
            </header>
          </Header>
        </Connect(Header)>
      </Router>
    </MemoryRouter>
  </Provider>
</_default>
`;
