// Jest Snapshot v1, https://goo.gl/fbAQLP

exports[`ResetPassword UI render features container should render as expected 1`] = `
<Provider
  store={
    Object {
      "dispatch": [Function],
      "getState": [Function],
      "replaceReducer": [Function],
      "subscribe": [Function],
      Symbol(observable): [Function],
    }
  }
>
  <MemoryRouter>
    <Connect(withRouter(ResetPassword)) />
  </MemoryRouter>
</Provider>
`;
