// Jest Snapshot v1, https://goo.gl/fbAQLP

exports[`ResetPassword render container should render as expected 1`] = `
<form
  className="reset-form"
  onSubmit={[Function]}
>
  <h3
    className="reset-title text-center"
  >
    Reset Password
  </h3>
  <AuthInput
    error={
      Object {
        "confirmPassword": "Please confirm your password.",
        "password": "Please enter a valid password.",
        "status": true,
      }
    }
    handleBlur={[Function]}
    handleChange={[Function]}
    name="password"
    placeholder="New password"
    touched={
      Object {
        "confirmPassword": false,
        "password": false,
      }
    }
    type="password"
    value=""
  />
  <AuthInput
    error={
      Object {
        "confirmPassword": "Please confirm your password.",
        "password": "Please enter a valid password.",
        "status": true,
      }
    }
    handleBlur={[Function]}
    handleChange={[Function]}
    name="confirmPassword"
    placeholder="Confirm new password"
    touched={
      Object {
        "confirmPassword": false,
        "password": false,
      }
    }
    type="password"
    value=""
  />
  <div
    className="error-field"
  >
    Error
  </div>
  <Button
    className="auth-button"
    title="SUBMIT"
    type="submit"
  />
</form>
`;
