// Jest Snapshot v1, https://goo.gl/fbAQLP

exports[`Signin UI render features container should render as expected 1`] = `
<_default>
  <Provider
    store={
      Object {
        "dispatch": [Function],
        "getState": [Function],
        "replaceReducer": [Function],
        "subscribe": [Function],
        Symbol(observable): [Function],
      }
    }
  >
    <Connect(Signin)>
      <Signin
        signin={[Function]}
      >
        <form
          onSubmit={[Function]}
        >
          <div>
            <label
              className="sr-only"
              htmlFor="useremail"
            >
              User email
            </label>
            <input
              className="signupField"
              id="email"
              onChange={[Function]}
              placeholder="Email"
              type="text"
              value=""
            />
            <div
              className="error"
            />
          </div>
          <div>
            <label
              className="sr-only"
              htmlFor="userpassword"
            >
              User password
            </label>
            <input
              className="signupField"
              id="password"
              onChange={[Function]}
              placeholder="Password"
              type="password"
              value=""
            />
            <div
              className="error"
            />
          </div>
          <div>
            <div
              className="auth-change-password"
            >
              Forgot Password?
            </div>
          </div>
          <div
            className="error"
          />
          <div>
            <button
              className="signupButton"
              type="submit"
            >
              SIGN IN
            </button>
          </div>
        </form>
      </Signin>
    </Connect(Signin)>
  </Provider>
</_default>
`;
