// Jest Snapshot v1, https://goo.gl/fbAQLP

exports[`Signin UI render features container should render as expected 1`] = `
<_default>
  <Provider
    store={
      Object {
        "dispatch": [Function],
        "getState": [Function],
        "replaceReducer": [Function],
        "subscribe": [Function],
        Symbol(observable): [Function],
      }
    }
  >
    <Connect(Signin)>
      <Signin
        signin={[Function]}
      >
        <form
          onSubmit={[Function]}
        >
          <AuthInput
            error={Object {}}
            handleChange={[Function]}
            name="email"
            placeholder="Email"
            type="text"
            value=""
          >
            <div>
              <label
                className="sr-only"
                htmlFor="email"
              >
                email
              </label>
              <input
                className="signupField"
                id="email"
                onChange={[Function]}
                placeholder="Email"
                type="text"
                value=""
              />
              <div
                className="errorField"
              />
            </div>
          </AuthInput>
          <AuthInput
            error={Object {}}
            handleChange={[Function]}
            name="password"
            placeholder="Password"
            type="password"
            value=""
          >
            <div>
              <label
                className="sr-only"
                htmlFor="password"
              >
                password
              </label>
              <input
                className="signupField"
                id="password"
                onChange={[Function]}
                placeholder="Password"
                type="password"
                value=""
              />
              <div
                className="errorField"
              />
            </div>
          </AuthInput>
          <div>
            <div
              className="change-password"
            >
              Forgot Password?
            </div>
          </div>
          <div
            className="errorField"
          />
          <div>
            <button
              className="signupButton"
              type="submit"
            >
              SIGN IN
            </button>
          </div>
        </form>
      </Signin>
    </Connect(Signin)>
  </Provider>
</_default>
`;
