// Jest Snapshot v1, https://goo.gl/fbAQLP

exports[`AuthFormToggle UI render features component should render as expected 1`] = `
<div
  className="auth-buttons"
>
  <Link
    className="both-links"
    replace={false}
    to="/auth/signup"
  >
    <button
      className="buttons sign-up null"
      type="button"
    >
      SIGN UP
    </button>
  </Link>
  <Link
    className="both-links"
    replace={false}
    to="/auth/signin"
  >
    <button
      className="buttons sign-in active"
      type="button"
    >
      SIGN IN
    </button>
  </Link>
</div>
`;
