// Jest Snapshot v1, https://goo.gl/fbAQLP

exports[`Signin UI render features container should render as expected 1`] = `
<div>
  <div
    className="single-page"
  >
    <div
      className="article-header"
    >
      <div
        className="author-icon"
      >
        <img
          alt=""
          className="author-image"
          src="author-icon.jpg"
        />
        <div
          className="number"
        >
          1
        </div>
        <div
          className="minutes"
        >
          minutes
        </div>
      </div>
      <div
        className="title-author"
      >
        <div
          className="article-title"
        />
        <div
          className="author-name"
        >
          <div
            className="name"
          >
            Afeez Awoyemi
          </div>
          <button
            type="button"
          >
            Follow
          </button>
        </div>
      </div>
    </div>
    <div
      className="article-container"
    >
      <img
        alt=""
        className="article-image"
      />
      <div
        className="side-button"
      >
        <img
          alt=""
          className="star"
          src="star.png"
        />
        <img
          alt=""
          className="bookmark"
          src="bookmark.png"
        />
        <img
          alt=""
          className="share"
          src="share.png"
        />
        <img
          alt=""
          className="dot-dot"
          src="dot-dot.png"
        />
        <div
          className="like-count"
        >
          <p>
            4
          </p>
        </div>
        <img
          alt=""
          className="love"
          src="love.png"
        />
      </div>
      <div
        className="article-content"
      >
        <p />
      </div>
    </div>
  </div>
  <hr
    className="article-line"
  />
  <div
    className="comments"
  >
    <div
      className="add-comment"
    >
      <img
        alt=""
        src="author-icon.jpg"
      />
      <input
        placeholder="write a comment....."
        type="text"
      />
    </div>
    <div
      className="each-comment"
    >
      <div
        className="comment-heading"
      >
        <img
          alt=""
          src="author-icon.jpg"
        />
        <div
          className="comment-name"
        >
          Afeez Awoyemi
        </div>
        <div
          className="time-chat"
        >
          <div>
            <img
              alt=""
              className="comment-number"
              src="comment.png"
            />
            <p>
              2
            </p>
          </div>
          <div>
            <img
              alt=""
              className="read-time"
              src="clock.png"
            />
            <p>
              5
            </p>
          </div>
        </div>
      </div>
      <div
        className="comment-body"
      >
        You’re drafting an open letter. You have to put something up on the best platform in Africa before the queen asked you to stop and not do it.
      </div>
      <div
        className="each-reply"
      >
        <div
          className="reply-heading"
        >
          <img
            alt=""
            src="author-icon.jpg"
          />
          <div
            className="reply-name"
          >
            Afeez Awoyemi
          </div>
          <div
            className="time-chat"
          >
            <div>
              <img
                alt=""
                className="comment-number"
                src="comment.png"
              />
              <p>
                2
              </p>
            </div>
            <div>
              <img
                alt=""
                className="read-time"
                src="clock.png"
              />
              <p>
                5
              </p>
            </div>
          </div>
        </div>
        <div
          className="reply-body"
        >
          You’re drafting an open letter. You have to put something up on the best platform in Africa before the queen asked you to stop and not do it.
        </div>
      </div>
    </div>
  </div>
</div>
`;
